[aluno.uvv.br/users/202306033/validacao-carteirinhac9e6.html]
[backblue.gif]
[fade.gif]
[index.html]
[aluno.uvv.br/Content/app/css/bootstrap.min.css]
[aluno.uvv.br/Content/app/css/font-awesome.min.css]
[aluno.uvv.br/Content/app/css/estilos.css]
[aluno.uvv.br/Content/app/css/estilos-ingrid.css]
[aluno.uvv.br/Content/app/css/flickity-docs.css]
[aluno.uvv.br/Content/app/css/jquery.mobile-1.4.5.min.css]
[aluno.uvv.br/Content/css/kendo/kendo.common-bootstrap.min.css]
[aluno.uvv.br/Content/app/css/bootstrap-datetimepicker.css]
[aluno.uvv.br/Content/app/css/bootstrap-datepicker.css]
[aluno.uvv.br/Content/app/css/bootstrap-datepicker3.standalone.min.css]
[aluno.uvv.br/Content/app/css/bootstrap-datepicker3.min.css]
[aluno.uvv.br/Scripts/plugins/ladda/ladda-themeless.min.css]
[aluno.uvv.br/Content/app/js/jquery.mobile-1.4.5.min.js]
[aluno.uvv.br/Content/app/js/jquery-3.1.1.min.js]
[aluno.uvv.br/Scripts/jquery-ui-1.11.4.min.js]
[aluno.uvv.br/Content/app/js/bootstrap.min.js]
[aluno.uvv.br/Content/app/js/flickity-docs.min.js]
[aluno.uvv.br/Scripts/bootstrap-datepicker.min.js]
[aluno.uvv.br/Scripts/bootstrap-datepicker.pt-BR.min.js]
[aluno.uvv.br/Scripts/kendo/cultures/kendo.culture.pt-BR.min.js]
[aluno.uvv.br/Scripts/kendo/kendo.all.min.js]
[aluno.uvv.br/Scripts/kendo/kendo.aspnetmvc.min.js]
[aluno.uvv.br/Scripts/kendo/messages/kendo.messages.pt-BR.min.js]
[aluno.uvv.br/Content/app/js/jquery.mask.1.14.min.js]
[aluno.uvv.br/Scripts/kendo/jszip.min.js]
[aluno.uvv.br/Scripts/modernizr-2.8.3.js]
[aluno.uvv.br/Scripts/moment.min.js]
[aluno.uvv.br/Scripts/bootstrap-datepicker-mobile.js]
[aluno.uvv.br/Content/app/js/app.min.js]
[aluno.uvv.br/Scripts/plugins/ladda/ladda.min.js]
[aluno.uvv.br/Scripts/plugins/ladda/spin.min.js]
[aluno.uvv.br/Content/app/js/ui-buttons.min.js]
[aluno.uvv.br/Content/app/js/quick-sidebar.min.js]
[aluno.uvv.br/Content/app/js/quick-nav.min.js]
[aluno.uvv.br/Content/js/angular.min.js]
[aluno.uvv.br/Content/js/angular-sanitize.min.js]
[aluno.uvv.br/users/202306033/validacao-carteirinhac9e6.html]
[aluno.uvv.br/Content/app/css/bootstrap.min.css]
[aluno.uvv.br/Content/app/css/font-awesome.min.css]
[aluno.uvv.br/Content/app/css/estilos.css]
[aluno.uvv.br/Content/app/css/estilos-ingrid.css]
[aluno.uvv.br/Content/app/css/flickity-docs.css]
[aluno.uvv.br/Content/app/css/jquery.mobile-1.4.5.min.css]
[aluno.uvv.br/Content/css/kendo/kendo.common-bootstrap.min.css]
[aluno.uvv.br/Content/app/css/bootstrap-datetimepicker.css]
[aluno.uvv.br/Content/app/css/bootstrap-datepicker.css]
[aluno.uvv.br/Content/app/css/bootstrap-datepicker3.standalone.min.css]
[aluno.uvv.br/Content/app/css/bootstrap-datepicker3.min.css]
[aluno.uvv.br/Scripts/plugins/ladda/ladda-themeless.min.css]
[aluno.uvv.br/Content/app/css/images/icons-png/action-white.html]
[aluno.uvv.br/Content/app/css/images/icons-png/alert-white.html]
[aluno.uvv.br/Content/app/css/images/icons-png/arrow-d-l-white.html]
[aluno.uvv.br/Content/app/css/images/icons-png/arrow-d-r-white.html]
[aluno.uvv.br/Content/app/css/images/icons-png/arrow-d-white.html]
[aluno.uvv.br/Content/app/css/images/icons-png/arrow-l-white.html]
[aluno.uvv.br/Content/app/css/images/icons-png/arrow-r-white.html]
[aluno.uvv.br/Content/app/css/images/icons-png/arrow-u-l-white.html]
[aluno.uvv.br/Content/app/css/images/icons-png/arrow-u-r-white.html]
[aluno.uvv.br/Content/app/css/images/icons-png/arrow-u-white.html]
[aluno.uvv.br/Content/app/css/images/icons-png/audio-white.html]
[aluno.uvv.br/Content/app/css/images/icons-png/back-white.html]
[aluno.uvv.br/Content/app/css/images/icons-png/bars-white.html]
[aluno.uvv.br/Content/app/css/images/icons-png/bullets-white.html]
[aluno.uvv.br/Content/app/css/images/icons-png/calendar-white.html]
[aluno.uvv.br/Content/app/css/images/icons-png/camera-white.html]
[aluno.uvv.br/Content/app/css/images/icons-png/carat-d-white.html]
[aluno.uvv.br/Content/app/css/images/icons-png/carat-l-white.html]
[aluno.uvv.br/Content/app/css/images/icons-png/carat-r-white.html]
[aluno.uvv.br/Content/app/css/images/icons-png/carat-u-white.html]
[aluno.uvv.br/Content/app/css/images/icons-png/check-white.html]
[aluno.uvv.br/Content/app/css/images/icons-png/clock-white.html]
[aluno.uvv.br/Content/app/css/images/icons-png/cloud-white.html]
[aluno.uvv.br/Content/app/css/images/icons-png/comment-white.html]
[aluno.uvv.br/Content/app/css/images/icons-png/delete-white.html]
[aluno.uvv.br/Content/app/css/images/icons-png/edit-white.html]
[aluno.uvv.br/Content/app/css/images/icons-png/eye-white.html]
[aluno.uvv.br/Content/app/css/images/icons-png/forbidden-white.html]
[aluno.uvv.br/Content/app/css/images/icons-png/forward-white.html]
[aluno.uvv.br/Content/app/css/images/icons-png/gear-white.html]
[aluno.uvv.br/Content/app/css/images/icons-png/grid-white.html]
[aluno.uvv.br/Content/app/css/images/icons-png/heart-white.html]
[aluno.uvv.br/Content/app/css/images/icons-png/home-white.html]
[aluno.uvv.br/Content/app/css/images/icons-png/info-white.html]
[aluno.uvv.br/Content/app/css/images/icons-png/location-white.html]
[aluno.uvv.br/Content/app/css/images/icons-png/lock-white.html]
[aluno.uvv.br/Content/app/css/images/icons-png/mail-white.html]
[aluno.uvv.br/Content/app/css/images/icons-png/minus-white.html]
[aluno.uvv.br/Content/app/css/images/icons-png/navigation-white.html]
[aluno.uvv.br/Content/app/css/images/icons-png/phone-white.html]
[aluno.uvv.br/Content/app/css/images/icons-png/plus-white.html]
[aluno.uvv.br/Content/app/css/images/icons-png/power-white.html]
[aluno.uvv.br/Content/app/css/images/icons-png/recycle-white.html]
[aluno.uvv.br/Content/app/css/images/icons-png/refresh-white.html]
[aluno.uvv.br/Content/app/css/images/icons-png/search-white.html]
[aluno.uvv.br/Content/app/css/images/icons-png/shop-white.html]
[aluno.uvv.br/Content/app/css/images/icons-png/star-white.html]
[aluno.uvv.br/Content/app/css/images/icons-png/tag-white.html]
[aluno.uvv.br/Content/app/css/images/icons-png/user-white.html]
[aluno.uvv.br/Content/app/css/images/icons-png/video-white.html]
[aluno.uvv.br/Content/app/css/images/icons-png/action-black.html]
[aluno.uvv.br/Content/app/css/images/icons-png/alert-black.html]
[aluno.uvv.br/Content/app/css/images/icons-png/arrow-d-black.html]
[aluno.uvv.br/Content/app/css/images/icons-png/arrow-d-l-black.html]
[aluno.uvv.br/Content/app/css/images/icons-png/arrow-d-r-black.html]
[aluno.uvv.br/Content/app/css/images/icons-png/arrow-l-black.html]
[aluno.uvv.br/Content/app/css/images/icons-png/arrow-r-black.html]
[aluno.uvv.br/Content/app/css/images/icons-png/arrow-u-black.html]
[aluno.uvv.br/Content/app/css/images/icons-png/arrow-u-l-black.html]
[aluno.uvv.br/Content/app/css/images/icons-png/arrow-u-r-black.html]
[aluno.uvv.br/Content/app/css/images/icons-png/audio-black.html]
[aluno.uvv.br/Content/app/css/images/icons-png/back-black.html]
[aluno.uvv.br/Content/app/css/images/icons-png/bars-black.html]
[aluno.uvv.br/Content/app/css/images/icons-png/bullets-black.html]
[aluno.uvv.br/Content/app/css/images/icons-png/calendar-black.html]
[aluno.uvv.br/Content/app/css/images/icons-png/camera-black.html]
[aluno.uvv.br/Content/app/css/images/icons-png/carat-d-black.html]
[aluno.uvv.br/Content/app/css/images/icons-png/carat-l-black.html]
[aluno.uvv.br/Content/app/css/images/icons-png/carat-r-black.html]
[aluno.uvv.br/Content/app/css/images/icons-png/carat-u-black.html]
[aluno.uvv.br/Content/app/css/images/icons-png/check-black.html]
[aluno.uvv.br/Content/app/css/images/icons-png/clock-black.html]
[aluno.uvv.br/Content/app/css/images/icons-png/cloud-black.html]
[aluno.uvv.br/Content/app/css/images/icons-png/comment-black.html]
[aluno.uvv.br/Content/app/css/images/icons-png/delete-black.html]
[aluno.uvv.br/Content/app/css/images/icons-png/edit-black.html]
[aluno.uvv.br/Content/app/css/images/icons-png/eye-black.html]
[aluno.uvv.br/Content/app/css/images/icons-png/forbidden-black.html]
[aluno.uvv.br/Content/app/css/images/icons-png/forward-black.html]
[aluno.uvv.br/Content/app/css/images/icons-png/gear-black.html]
[aluno.uvv.br/Content/app/css/images/icons-png/grid-black.html]
[aluno.uvv.br/Content/app/css/images/icons-png/heart-black.html]
[aluno.uvv.br/Content/app/css/images/icons-png/home-black.html]
[aluno.uvv.br/Content/app/css/images/icons-png/info-black.html]
[aluno.uvv.br/Content/app/css/images/icons-png/location-black.html]
[aluno.uvv.br/Content/app/css/images/icons-png/lock-black.html]
[aluno.uvv.br/Content/app/css/images/icons-png/mail-black.html]
[aluno.uvv.br/Content/app/css/images/icons-png/minus-black.html]
[aluno.uvv.br/Content/app/css/images/icons-png/navigation-black.html]
[aluno.uvv.br/Content/app/css/images/icons-png/phone-black.html]
[aluno.uvv.br/Content/app/css/images/icons-png/plus-black.html]
[aluno.uvv.br/Content/app/css/images/icons-png/power-black.html]
[aluno.uvv.br/Content/app/css/images/icons-png/recycle-black.html]
[aluno.uvv.br/Content/app/css/images/icons-png/refresh-black.html]
[aluno.uvv.br/Content/app/css/images/icons-png/search-black.html]
[aluno.uvv.br/Content/app/css/images/icons-png/shop-black.html]
[aluno.uvv.br/Content/app/css/images/icons-png/star-black.html]
[aluno.uvv.br/Content/app/css/images/icons-png/tag-black.html]
[aluno.uvv.br/Content/app/css/images/icons-png/user-black.html]
[aluno.uvv.br/Content/app/css/images/icons-png/video-black.html]
[aluno.uvv.br/Content/app/css/images/ajax-loader.html]
[aluno.uvv.br/Content/css/kendo/textures/transtexture.html]
[aluno.uvv.br/Content/css/kendo/textures/transparency.html]
[aluno.uvv.br/Content/css/kendo/textures/hue.html]
